// Jest Snapshot v1, https://goo.gl/fbAQLP

exports[`renders correctly 1`] = `
<div
  class="p-2 border border-b-4 border-gray-dark bg-gray-light rounded max-w-lg"
  data-component="authorable/general/contentblock"
  data-testid="contentblock"
>
  <p
    class="font-bold"
  >
    ContentBlock
  </p>
  <p>
    This is some plain text content to show the simplest possible example of a implementaiton possible.
  </p>
</div>
`;
