// Jest Snapshot v1, https://goo.gl/fbAQLP

exports[`renders a blockquote 1`] = `
<blockquote
  class=""
>
  A well-known quote, contained in a blockquote element.
</blockquote>
`;

exports[`renders a level one heading 1`] = `
<h1
  class="text-3xl"
>
  h1. Heading
</h1>
`;

exports[`renders a standard paragraph 1`] = `
<p>
  This is a standard paragraph.
</p>
`;

exports[`renders bold text 1`] = `
<b
  class=""
>
  This is some bold text.
</b>
`;

exports[`renders deleted text 1`] = `
<del
  class=""
>
  This is some deleted (struck through) text.
</del>
`;

exports[`renders emphasized text 1`] = `
<em
  class=""
>
  This is some emphasized text
</em>
`;

exports[`renders italicized text 1`] = `
<i
  class=""
>
  This is some italicized text.
</i>
`;

exports[`renders small text 1`] = `
<small
  class=""
>
  This is text in a small tag
</small>
`;

exports[`renders text in a span tag 1`] = `
<span
  class=""
>
  This is text in a span tag.
</span>
`;
